// Jest Snapshot v1, https://goo.gl/fbAQLP

exports[`mapActionCreators RxJS 5 creates FuncSubject-like action 1`] = `
Array [
  1,
  2,
  3,
]
`;

exports[`mapActionCreators RxJS 5 passes non-observables as is 1`] = `
Object {
  "a": 123,
  "b": "hi!",
}
`;

exports[`mapActionCreators RxJS 5 strips dollar sign from Observable property names 1`] = `
Object {
  "a": [Function],
}
`;
